
FAILURE: Build failed with an exception.

* Where:
Build file 'C:\Users\User\AndroidStudioProjects\NetworkBridge\app\build.gradle.kts' line: 1

* What went wrong:
Plugin [id: 'org.jetbrains.kotlin.plugin.compose'] was not found in any of the following sources:

- Gradle Core Plugins (plugin is not in 'org.gradle' namespace)
- Included Builds (No included builds contain this plugin)
- Plugin Repositories (plugin dependency must include a version number for this source)

* Try:
> Run with --stacktrace option to get the stack trace.
> Run with --info or --debug option to get more log output.
> Run with --scan to get full insights.
> Get more help at https://help.gradle.org.

BUILD FAILED in 3s
